     1                                  %macro abc 3
     2                                  	mov eax , %1
     3                                  	mov ebx ,%2
     4                                  	add eax, ebx
     5                                  	mov %3, eax
     6                                  %endmacro
     7                                  
     8                                  section .data
     9 00000000 76616C206973202564-     	msg db "val is %d",0
     9 00000009 00                 
    10                                  
    11                                  section .text
    12                                  	global main
    13                                  	main:
    14                                  	abc 2,3,ecx
     2 00000000 B802000000          <1>  mov eax , %1
     3 00000005 BB03000000          <1>  mov ebx ,%2
     4 0000000A 01D8                <1>  add eax, ebx
     5 0000000C 89C1                <1>  mov %3, eax
    15 0000000E C3                      	ret
    16                                  
    17                                  			
